// Jest Snapshot v1, https://goo.gl/fbAQLP

exports[`BulletList Block matches snapshot 1`] = `
.emotion-0 {
  list-style-type: initial;
  -webkit-margin-start: 1em;
  margin-inline-start: 1em;
}

<div>
  <ul
    class="emotion-0"
    data-slate-node="element"
    role="list"
  >
    <li
      class="emotion-1"
    >
      The quick brown fox jumps over the lazy dog.
    </li>
  </ul>
</div>
`;
