// Jest Snapshot v1, https://goo.gl/fbAQLP

exports[`NumberedList Block matches snapshot 1`] = `
.emotion-0 {
  list-style-type: decimal;
  -webkit-margin-start: 1em;
  margin-inline-start: 1em;
}

<div>
  <ol
    class="emotion-0"
    data-slate-node="element"
    role="list"
  >
    <li
      class="emotion-1"
    >
      Hello World
    </li>
  </ol>
</div>
`;
