// Jest Snapshot v1, https://goo.gl/fbAQLP

exports[`ListItem Block matches snapshot 1`] = `
.emotion-0 {
  list-style-type: initial;
  -webkit-margin-start: 1em;
  margin-inline-start: 1em;
}

.emotion-1 {
  margin-left: 20px;
}

<div>
  <ul
    class="emotion-0"
    role="list"
  >
    <li
      class="emotion-1"
      data-slate-node="element"
    >
      Hello World
    </li>
  </ul>
</div>
`;
