// Jest Snapshot v1, https://goo.gl/fbAQLP

exports[`Blockquote Block matches snapshot 1`] = `
.emotion-0 {
  background-color: #BEE3F8;
  color: #2B6CB0;
  line-height: 1.75;
  border: 1px solid #90CDF4;
  padding: 12px 24px;
  border-radius: 8px;
  font-style: italic;
  font-size: 16px;
  box-shadow: 0px 2px 24px -4px rgba(36, 36, 41, 0.06);
}

<div>
  <div
    class="emotion-0"
    data-slate-leaf="true"
    data-slate-node="element"
  >
    Hello World
  </div>
</div>
`;
