// Jest Snapshot v1, https://goo.gl/fbAQLP

exports[`Subtitle Block matches snapshot 1`] = `
.emotion-0 {
  font-size: 24px;
  margin: 0;
  padding: 2rem 0 1rem 0;
  font-weight: bold;
  color: #121214;
}

.emotion-0 ::selection {
  background-color: rgba(196, 202, 251, 0.5);
}

<div>
  <h2
    class="emotion-0"
    data-slate-leaf="true"
    data-slate-node="element"
  >
    Subtitle
  </h2>
</div>
`;
