// Jest Snapshot v1, https://goo.gl/fbAQLP

exports[`Blockquote component matches snapshot 1`] = `
.emotion-0 {
  position: relative;
  padding: 20px 30px;
  display: block;
  font-weight: var(--chakra-fontWeights-bold);
  color: var(--chakra-colors-green-300);
  margin-top: var(--chakra-space-3);
  margin-bottom: var(--chakra-space-3);
  background: var(--chakra-colors-green-50);
}

.emotion-0::before {
  content: " ";
  position: absolute;
  left: 0px;
  bottom: 0px;
  width: 5px;
  height: 100%;
  background: var(--chakra-colors-green-300);
  border-radius: var(--chakra-radii-full);
}

<div>
  <blockquote
    class="emotion-0"
    data-slate-node="element"
  >
    The quick brown fox jumps over the lazy dog.
  </blockquote>
</div>
`;
