// Jest Snapshot v1, https://goo.gl/fbAQLP

exports[`CodeBlock Block matches snapshot 1`] = `
.emotion-1 {
  display: inline-block;
  font-family: var(--chakra-fonts-mono);
  font-size: var(--chakra-fontSizes-sm);
  -webkit-padding-start: 0.2em;
  padding-inline-start: 0.2em;
  -webkit-padding-end: 0.2em;
  padding-inline-end: 0.2em;
  border-radius: var(--chakra-radii-sm);
  background: var(--chakra-colors-gray-100);
  color: var(--chakra-colors-gray-800);
  width: 100%;
  padding: var(--chakra-space-5);
  border-radius: 2px;
  background: var(--chakra-colors-gray-100);
}

.emotion-2 {
  background: rgb(252,252,263);
  color: var(--chakra-colors-black);
  padding-top: var(--chakra-space-2);
  padding-bottom: var(--chakra-space-2);
  -webkit-padding-start: var(--chakra-space-6);
  padding-inline-start: var(--chakra-space-6);
  -webkit-padding-end: var(--chakra-space-6);
  padding-inline-end: var(--chakra-space-6);
  display: inline-block;
  border-bottom-left-radius: 6px;
  border-bottom-right-radius: 6px;
  margin-bottom: var(--chakra-space-3);
  width: 100%;
}

<div>
  <div
    class="emotion-0"
  >
    <code
      class="chakra-code emotion-1"
      data-slate-node="element"
    >
      a = 10 apples b = 10 apples a + b
    </code>
    <div
      class="emotion-2"
      contenteditable="false"
    >
      20
       &lt;number&gt;
    </div>
  </div>
</div>
`;
