// Jest Snapshot v1, https://goo.gl/fbAQLP

exports[`Header Block matches snapshot 1`] = `
.emotion-0 {
  font-size: var(--chakra-fontSizes-4xl);
  font-weight: var(--chakra-fontWeights-bold);
}

<div>
  <h1
    class="chakra-text emotion-0"
    data-slate-node="element"
  >
    Hello World
  </h1>
</div>
`;
