// Jest Snapshot v1, https://goo.gl/fbAQLP

exports[`Code Block matches snapshot 1`] = `
.emotion-0 {
  display: inline-block;
  font-family: var(--chakra-fonts-mono);
  font-size: var(--chakra-fontSizes-sm);
  -webkit-padding-start: 0.2em;
  padding-inline-start: 0.2em;
  -webkit-padding-end: 0.2em;
  padding-inline-end: 0.2em;
  border-radius: var(--chakra-radii-sm);
  background: var(--chakra-colors-gray-100);
  color: var(--chakra-colors-gray-800);
}

<div>
  <code
    class="chakra-code emotion-0"
    data-slate-node="element"
  >
    const hello = "Hello World";
  </code>
</div>
`;
