// Jest Snapshot v1, https://goo.gl/fbAQLP

exports[`Highlight Leaf matches snapshot 1`] = `
.emotion-0 {
  background: var(--chakra-colors-purple-100);
  padding: var(--chakra-space-1);
}

<div>
  <span
    class="chakra-text emotion-0"
    data-slate-leaf="true"
  >
    Highlight text
  </span>
</div>
`;
